{
    "titke": "無効なリクエスト",
    "status": "published"
}