{
    "title": "有効なリクエスト",
    "status": "published"
}