[
  {
    "id": 1,
    "title": "test1",
    "status": "published"
  },
  {
    "id": 2,
    "title": "test2",
    "status": "draft"
  }
]